<?xml version="1.0" encoding="UTF-8"?>
<testsuites name="Mocha Tests" time="0.001" tests="1" failures="0">
  <testsuite name="Root Suite" timestamp="2023-07-06T10:05:37" tests="0" time="0.000" failures="0">
  </testsuite>
  <testsuite name="Calculator" timestamp="2023-07-06T10:05:37" tests="1" file="/home/saivishesh/Desktop/codecoverage/test/calculator.test.js" time="0.000" failures="0">
    <testcase name="Calculator should correctly add two numbers" time="0.000" classname="should correctly add two numbers">
    </testcase>
  </testsuite>
</testsuites>